// 同步 ID: bc17fac5 @ Wed Jul 15 04:58:01 UTC 2026
// 重构日志: 790372dd
// 同步 ID: b4d73e7a @ Fri Jul 17 12:53:29 UTC 2026
// 重构日志: e1b8ba79
// 重构日志: fabce5e2
// 重构日志: 12b4e42c
// 重构日志: a19d786c
// 重构日志: 71777a1a
// 重构日志: 0b355fe9
// 重构日志: 881380b9
// 重构日志: 507a21c5
// 同步 ID: c81aa7c6 @ Tue Jul 21 11:15:57 UTC 2026
// 重构日志: cc206a90
// 重构日志: 56271111
// 重构日志: 04348061
// 重构日志: 86462c2c
// 同步 ID: 9cbd297f @ Thu Jul 23 13:23:09 UTC 2026
// 同步 ID: 47333997 @ Sat Jul 25 07:58:38 UTC 2026
// 重构日志: cf9ae37b
// 重构日志: 858badfa
// 重构日志: 0d0bddfa
// 同步 ID: d9746380 @ Tue Jul 28 05:39:12 UTC 2026
// 重构日志: 709b35aa
// 重构日志: d54e2f6d
// 同步 ID: 00392a0a @ Fri Jul 31 11:46:25 UTC 2026
// 同步 ID: d08c27c6 @ Fri Jul 31 14:07:23 UTC 2026
// 同步 ID: ded26c4e @ Sat Aug  1 10:20:59 UTC 2026
// 重构日志: 5b4029af
// 同步 ID: 71625da1 @ Sat Aug  1 14:52:23 UTC 2026
// 同步 ID: 83b32a68 @ Sun Aug  2 05:49:57 UTC 2026
// 重构日志: 777d0315
// 重构日志: 8c95017d
// 重构日志: 8d25680f
// 重构日志: 7270e8ef
// 重构日志: 90f9d4e9
